<?xml version="1.0" encoding="utf-8"?><testsuites name="pytest tests"><testsuite name="pytest" errors="0" failures="0" skipped="0" tests="172" time="14.193" timestamp="2026-04-22T13:48:53.713407-06:00" hostname="HPANDREA"><testcase classname="tests.routes.test_auth.TestRegister" name="test_register_success" time="0.185" /><testcase classname="tests.routes.test_auth.TestRegister" name="test_register_invalid_email_domain" time="0.023" /><testcase classname="tests.routes.test_auth.TestRegister" name="test_register_missing_email" time="0.022" /><testcase classname="tests.routes.test_auth.TestRegister" name="test_register_duplicate_email" time="0.133" /><testcase classname="tests.routes.test_auth.TestRegister" name="test_register_user_exists_in_db" time="0.132" /><testcase classname="tests.routes.test_auth.TestRegister" name="test_register_password_hashed" time="0.131" /><testcase classname="tests.routes.test_auth.TestLogin" name="test_login_success" time="0.233" /><testcase classname="tests.routes.test_auth.TestLogin" name="test_login_invalid_email" time="0.022" /><testcase classname="tests.routes.test_auth.TestLogin" name="test_login_invalid_password" time="0.262" /><testcase classname="tests.routes.test_auth.TestLogin" name="test_login_missing_email" time="0.021" /><testcase classname="tests.routes.test_auth.TestLogin" name="test_login_missing_password" time="0.128" /><testcase classname="tests.routes.test_auth.TestLogin" name="test_login_returns_user_info" time="0.236" /><testcase classname="tests.routes.test_auth.TestLogout" name="test_logout_success" time="0.020" /><testcase classname="tests.routes.test_auth.TestLogout" name="test_logout_no_auth_required" time="0.020" /><testcase classname="tests.routes.test_auth.TestAuthIntegration" name="test_full_auth_flow" time="0.238" /><testcase classname="tests.routes.test_auth.TestAuthIntegration" name="test_cannot_register_twice" time="0.129" /><testcase classname="tests.routes.test_auth.TestAuthIntegration" name="test_login_after_register" time="0.242" /><testcase classname="tests.routes.test_auth.TestAuthEdgeCases" name="test_register_with_empty_name" time="0.125" /><testcase classname="tests.routes.test_auth.TestAuthEdgeCases" name="test_register_with_special_characters_in_name" time="0.128" /><testcase classname="tests.routes.test_auth.TestAuthEdgeCases" name="test_email_case_sensitivity" time="0.244" /><testcase classname="tests.routes.test_auth.TestAuthEdgeCases" name="test_login_with_whitespace" time="0.130" /><testcase classname="tests.test_auth.TestRegister" name="test_register_success" time="0.129" /><testcase classname="tests.test_auth.TestRegister" name="test_register_invalid_email_domain" time="0.023" /><testcase classname="tests.test_auth.TestRegister" name="test_register_missing_email" time="0.021" /><testcase classname="tests.test_auth.TestRegister" name="test_register_duplicate_email" time="0.132" /><testcase classname="tests.test_auth.TestRegister" name="test_register_user_exists_in_db" time="0.133" /><testcase classname="tests.test_auth.TestRegister" name="test_register_password_hashed" time="0.131" /><testcase classname="tests.test_auth.TestLogin" name="test_login_success" time="0.236" /><testcase classname="tests.test_auth.TestLogin" name="test_login_invalid_email" time="0.024" /><testcase classname="tests.test_auth.TestLogin" name="test_login_invalid_password" time="0.235" /><testcase classname="tests.test_auth.TestLogin" name="test_login_missing_email" time="0.021" /><testcase classname="tests.test_auth.TestLogin" name="test_login_missing_password" time="0.128" /><testcase classname="tests.test_auth.TestLogin" name="test_login_returns_user_info" time="0.238" /><testcase classname="tests.test_auth.TestLogout" name="test_logout_success" time="0.021" /><testcase classname="tests.test_auth.TestLogout" name="test_logout_no_auth_required" time="0.021" /><testcase classname="tests.test_auth.TestAuthIntegration" name="test_full_auth_flow" time="0.229" /><testcase classname="tests.test_auth.TestAuthIntegration" name="test_cannot_register_twice" time="0.132" /><testcase classname="tests.test_auth.TestAuthIntegration" name="test_login_after_register" time="0.232" /><testcase classname="tests.test_auth.TestAuthEdgeCases" name="test_register_with_empty_name" time="0.124" /><testcase classname="tests.test_auth.TestAuthEdgeCases" name="test_register_with_special_characters_in_name" time="0.129" /><testcase classname="tests.test_auth.TestAuthEdgeCases" name="test_email_case_sensitivity" time="0.235" /><testcase classname="tests.test_auth.TestAuthEdgeCases" name="test_login_with_whitespace" time="0.130" /><testcase classname="tests.test_comments.TestGetComments" name="test_get_comments_success" time="0.140" /><testcase classname="tests.test_comments.TestGetComments" name="test_get_comments_place_not_found" time="0.024" /><testcase classname="tests.test_comments.TestGetComments" name="test_get_comments_empty" time="0.134" /><testcase classname="tests.test_comments.TestGetComments" name="test_get_multiple_comments" time="0.140" /><testcase classname="tests.test_comments.TestGetComments" name="test_get_comments_includes_user_name" time="0.180" /><testcase classname="tests.test_comments.TestGetComments" name="test_get_comments_fields_present" time="0.133" /><testcase classname="tests.test_comments.TestPostComment" name="test_post_comment_success" time="0.138" /><testcase classname="tests.test_comments.TestPostComment" name="test_post_comment_place_not_found" time="0.130" /><testcase classname="tests.test_comments.TestPostComment" name="test_post_comment_missing_text" time="0.134" /><testcase classname="tests.test_comments.TestPostComment" name="test_post_comment_with_default_rating" time="0.139" /><testcase classname="tests.test_comments.TestPostComment" name="test_post_comment_updates_place_rating" time="0.135" /><testcase classname="tests.test_comments.TestPostComment" name="test_post_comment_with_special_characters" time="0.137" /><testcase classname="tests.test_comments.TestPostComment" name="test_post_comment_returns_id" time="0.139" /><testcase classname="tests.test_comments.TestPutComment" name="test_put_comment_success" time="0.140" /><testcase classname="tests.test_comments.TestPutComment" name="test_put_comment_not_found" time="0.022" /><testcase classname="tests.test_comments.TestPutComment" name="test_put_comment_partial_update" time="0.143" /><testcase classname="tests.test_comments.TestPutComment" name="test_put_comment_only_rating" time="0.141" /><testcase classname="tests.test_comments.TestPutComment" name="test_put_comment_updates_place_rating" time="0.140" /><testcase classname="tests.test_comments.TestPutComment" name="test_put_comment_with_special_characters" time="0.136" /><testcase classname="tests.test_comments.TestPutComment" name="test_put_comment_empty_update" time="0.139" /><testcase classname="tests.test_comments.TestDeleteComment" name="test_delete_comment_success" time="0.139" /><testcase classname="tests.test_comments.TestDeleteComment" name="test_delete_comment_not_found" time="0.021" /><testcase classname="tests.test_comments.TestDeleteComment" name="test_delete_comment_updates_place_rating" time="0.139" /><testcase classname="tests.test_comments.TestDeleteComment" name="test_delete_multiple_comments" time="0.146" /><testcase classname="tests.test_comments.TestDeleteComment" name="test_delete_comment_response_message" time="0.139" /><testcase classname="tests.test_comments.TestCommentsIntegration" name="test_full_comment_lifecycle" time="0.153" /><testcase classname="tests.test_comments.TestCommentsIntegration" name="test_multiple_comments_handling" time="0.153" /><testcase classname="tests.test_comments.TestCommentsIntegration" name="test_comments_isolated_by_place" time="0.152" /><testcase classname="tests.test_comments.TestCommentsIntegration" name="test_comment_update_then_delete" time="0.143" /><testcase classname="tests.test_comments.TestCommentsEdgeCases" name="test_comment_with_very_long_text" time="0.136" /><testcase classname="tests.test_comments.TestCommentsEdgeCases" name="test_comment_with_zero_rating" time="0.137" /><testcase classname="tests.test_comments.TestCommentsEdgeCases" name="test_comment_with_high_rating" time="0.191" /><testcase classname="tests.test_comments.TestCommentsEdgeCases" name="test_comment_with_unicode_characters" time="0.137" /><testcase classname="tests.test_comments.TestCommentsEdgeCases" name="test_comment_id_uniqueness" time="0.145" /><testcase classname="tests.test_comments.TestCommentsEdgeCases" name="test_comment_whitespace_handling" time="0.138" /><testcase classname="tests.test_places.TestGetPlaces" name="test_get_places_success" time="0.134" /><testcase classname="tests.test_places.TestGetPlaces" name="test_get_places_empty" time="0.022" /><testcase classname="tests.test_places.TestGetPlaces" name="test_get_places_includes_all_fields" time="0.137" /><testcase classname="tests.test_places.TestGetPlaces" name="test_get_places_filter_by_category" time="0.032" /><testcase classname="tests.test_places.TestGetPlaces" name="test_get_places_filter_all" time="0.034" /><testcase classname="tests.test_places.TestGetPlaces" name="test_get_places_case_insensitive_filter" time="0.031" /><testcase classname="tests.test_places.TestGetPlaces" name="test_get_places_invalid_category" time="0.137" /><testcase classname="tests.test_places.TestGetPlaces" name="test_get_places_with_menu" time="0.033" /><testcase classname="tests.test_places.TestGetPlaces" name="test_get_places_multiple" time="0.033" /><testcase classname="tests.test_places.TestPostPlace" name="test_post_place_success" time="0.033" /><testcase classname="tests.test_places.TestPostPlace" name="test_post_place_with_menu" time="0.038" /><testcase classname="tests.test_places.TestPostPlace" name="test_post_place_default_schedule" time="0.032" /><testcase classname="tests.test_places.TestPostPlace" name="test_post_place_returns_id" time="0.031" /><testcase classname="tests.test_places.TestPostPlace" name="test_post_place_invalid_schedule_json" time="0.032" /><testcase classname="tests.test_places.TestPostPlace" name="test_post_place_special_characters" time="0.031" /><testcase classname="tests.test_places.TestGetPlaceById" name="test_get_place_by_id_success" time="0.135" /><testcase classname="tests.test_places.TestGetPlaceById" name="test_get_place_by_id_not_found" time="0.023" /><testcase classname="tests.test_places.TestGetPlaceById" name="test_get_place_includes_all_fields" time="0.134" /><testcase classname="tests.test_places.TestGetPlaceById" name="test_get_place_with_menu" time="0.029" /><testcase classname="tests.test_places.TestGetPlaceById" name="test_get_place_menu_structure" time="0.032" /><testcase classname="tests.test_places.TestPutPlace" name="test_put_place_success" time="0.135" /><testcase classname="tests.test_places.TestPutPlace" name="test_put_place_not_found" time="0.023" /><testcase classname="tests.test_places.TestPutPlace" name="test_put_place_partial_update" time="0.136" /><testcase classname="tests.test_places.TestPutPlace" name="test_put_place_update_schedule" time="0.135" /><testcase classname="tests.test_places.TestPutPlace" name="test_put_place_update_schedule_as_string" time="0.132" /><testcase classname="tests.test_places.TestPutPlace" name="test_put_place_update_menu" time="0.136" /><testcase classname="tests.test_places.TestPutPlace" name="test_put_place_replace_menu" time="0.034" /><testcase classname="tests.test_places.TestPutPlace" name="test_put_place_update_image_url" time="0.133" /><testcase classname="tests.test_places.TestDeletePlace" name="test_delete_place_success" time="0.183" /><testcase classname="tests.test_places.TestDeletePlace" name="test_delete_place_not_found" time="0.023" /><testcase classname="tests.test_places.TestDeletePlace" name="test_delete_place_cascades_menu_items" time="0.042" /><testcase classname="tests.test_places.TestDeletePlace" name="test_delete_place_response_message" time="0.137" /><testcase classname="tests.test_places.TestPlaceCounts" name="test_get_counts_empty" time="0.029" /><testcase classname="tests.test_places.TestPlaceCounts" name="test_get_counts_success" time="0.035" /><testcase classname="tests.test_places.TestPlaceCounts" name="test_get_counts_includes_all_categories" time="0.037" /><testcase classname="tests.test_places.TestPlaceCounts" name="test_get_counts_are_integers" time="0.034" /><testcase classname="tests.test_places.TestPlacesIntegration" name="test_full_place_lifecycle" time="0.047" /><testcase classname="tests.test_places.TestPlacesIntegration" name="test_multiple_places_filtering" time="0.043" /><testcase classname="tests.test_places.TestPlacesIntegration" name="test_place_with_complete_menu_workflow" time="0.043" /><testcase classname="tests.test_places.TestPlacesEdgeCases" name="test_place_with_very_long_name" time="0.030" /><testcase classname="tests.test_places.TestPlacesEdgeCases" name="test_place_with_unicode_name" time="0.032" /><testcase classname="tests.test_places.TestPlacesEdgeCases" name="test_place_id_uniqueness" time="0.050" /><testcase classname="tests.test_places.TestPlacesEdgeCases" name="test_place_with_empty_menu" time="0.037" /><testcase classname="tests.test_places.TestPlacesEdgeCases" name="test_menu_item_price_precision" time="0.038" /><testcase classname="tests.test_places.TestPlacesEdgeCases" name="test_schedule_with_complex_format" time="0.031" /><testcase classname="tests.test_places.TestPlacesEdgeCases" name="test_place_category_variations" time="0.057" /><testcase classname="tests.test_uploads.TestAllowedFile" name="test_allowed_file_png" time="0.001" /><testcase classname="tests.test_uploads.TestAllowedFile" name="test_allowed_file_jpg" time="0.001" /><testcase classname="tests.test_uploads.TestAllowedFile" name="test_allowed_file_jpeg" time="0.001" /><testcase classname="tests.test_uploads.TestAllowedFile" name="test_allowed_file_gif" time="0.001" /><testcase classname="tests.test_uploads.TestAllowedFile" name="test_allowed_file_uppercase" time="0.001" /><testcase classname="tests.test_uploads.TestAllowedFile" name="test_allowed_file_invalid_txt" time="0.001" /><testcase classname="tests.test_uploads.TestAllowedFile" name="test_allowed_file_invalid_pdf" time="0.001" /><testcase classname="tests.test_uploads.TestAllowedFile" name="test_allowed_file_invalid_exe" time="0.001" /><testcase classname="tests.test_uploads.TestAllowedFile" name="test_allowed_file_no_extension" time="0.001" /><testcase classname="tests.test_uploads.TestAllowedFile" name="test_allowed_file_multiple_dots" time="0.001" /><testcase classname="tests.test_uploads.TestAllowedFile" name="test_allowed_file_hidden_file" time="0.001" /><testcase classname="tests.test_uploads.TestAllowedFile" name="test_allowed_file_mixed_case" time="0.001" /><testcase classname="tests.test_uploads.TestAllowedFile" name="test_allowed_file_special_characters_in_name" time="0.001" /><testcase classname="tests.test_uploads.TestAllowedFile" name="test_allowed_file_very_long_name" time="0.001" /><testcase classname="tests.test_uploads.TestSaveUploadFile" name="test_save_upload_file_success" time="0.009" /><testcase classname="tests.test_uploads.TestSaveUploadFile" name="test_save_upload_file_jpg" time="0.004" /><testcase classname="tests.test_uploads.TestSaveUploadFile" name="test_save_upload_file_gif" time="0.004" /><testcase classname="tests.test_uploads.TestSaveUploadFile" name="test_save_upload_file_none" time="0.003" /><testcase classname="tests.test_uploads.TestSaveUploadFile" name="test_save_upload_file_invalid_extension" time="0.003" /><testcase classname="tests.test_uploads.TestSaveUploadFile" name="test_save_upload_file_exe" time="0.003" /><testcase classname="tests.test_uploads.TestSaveUploadFile" name="test_save_upload_file_special_characters" time="0.003" /><testcase classname="tests.test_uploads.TestSaveUploadFile" name="test_save_upload_file_unicode_name" time="0.004" /><testcase classname="tests.test_uploads.TestSaveUploadFile" name="test_save_upload_file_path_traversal" time="0.003" /><testcase classname="tests.test_uploads.TestSaveUploadFile" name="test_save_upload_file_uppercase_extension" time="0.003" /><testcase classname="tests.test_uploads.TestSaveUploadFile" name="test_save_upload_file_creates_directory" time="0.003" /><testcase classname="tests.test_uploads.TestSaveUploadFile" name="test_save_upload_file_overwrites_existing" time="0.004" /><testcase classname="tests.test_uploads.TestSaveUploadFile" name="test_save_upload_file_empty_file" time="0.004" /><testcase classname="tests.test_uploads.TestUploadEndpoint" name="test_get_upload_success" time="0.080" /><testcase classname="tests.test_uploads.TestUploadEndpoint" name="test_get_upload_not_found" time="0.026" /><testcase classname="tests.test_uploads.TestUploadEndpoint" name="test_get_upload_jpg" time="0.032" /><testcase classname="tests.test_uploads.TestUploadEndpoint" name="test_get_upload_gif" time="0.029" /><testcase classname="tests.test_uploads.TestUploadEndpoint" name="test_get_upload_returns_content_type" time="0.024" /><testcase classname="tests.test_uploads.TestUploadEndpoint" name="test_get_upload_path_traversal_prevention" time="0.024" /><testcase classname="tests.test_uploads.TestUploadEndpoint" name="test_get_upload_special_filename" time="0.042" /><testcase classname="tests.test_uploads.TestUploadEndpoint" name="test_get_upload_case_sensitive" time="0.026" /><testcase classname="tests.test_uploads.TestUploadIntegration" name="test_upload_and_retrieve" time="0.024" /><testcase classname="tests.test_uploads.TestUploadIntegration" name="test_multiple_uploads_different_formats" time="0.032" /><testcase classname="tests.test_uploads.TestUploadIntegration" name="test_upload_overwrites_previous" time="0.030" /><testcase classname="tests.test_uploads.TestUploadEdgeCases" name="test_save_large_file" time="0.009" /><testcase classname="tests.test_uploads.TestUploadEdgeCases" name="test_filename_with_multiple_extensions" time="0.004" /><testcase classname="tests.test_uploads.TestUploadEdgeCases" name="test_filename_with_spaces" time="0.004" /><testcase classname="tests.test_uploads.TestUploadEdgeCases" name="test_empty_filename" time="0.003" /><testcase classname="tests.test_uploads.TestUploadEdgeCases" name="test_filename_only_extension" time="0.004" /><testcase classname="tests.test_uploads.TestUploadEdgeCases" name="test_very_long_filename" time="0.004" /><testcase classname="tests.test_uploads.TestUploadEdgeCases" name="test_unicode_filename_variants" time="0.005" /><testcase classname="tests.test_uploads.TestUploadEdgeCases" name="test_file_with_no_dot" time="0.004" /><testcase classname="tests.test_uploads.TestUploadEdgeCases" name="test_file_empty_after_dot" time="0.004" /><testcase classname="tests.test_uploads.TestUploadEdgeCases" name="test_allowed_file_with_dot_at_start" time="0.001" /><testcase classname="tests.test_uploads.TestUploadEdgeCases" name="test_save_jpeg_extension_variants" time="0.005" /></testsuite></testsuites>